// AuthorsTable.ts :
/**
 * DO NOT EDIT:
 *
 * This file has been auto-generated from database schema using ts-sql-codegen.
 * Any changes will be overwritten.
 */
import { Table } from "ts-sql-query/Table";
import type { DBConnection } from "../helpers/connection-source";
import {
    InsertableRow,
    UpdatableRow,
    SelectedRow,
    InsertableValues,
    UpdatableValues,
    SelectedValues,
} from "ts-sql-query/extras/types";
import {
    EnforceAuthorInsertProps,
} from "../type-helpers";
import {
    EnforceUpdateProps,
} from "../type-helpers";

export class AuthorsTable extends Table<DBConnection, 'AuthorsTable'> {
    id = this.primaryKey('id', 'int');
    name = this.optionalColumn('name', 'string');
    dob = this.optionalColumn('dob', 'localDate');
    createdAt = this.columnWithDefaultValue('created_at', 'localDateTime');
    updatedAt = this.columnWithDefaultValue('updated_at', 'localDateTime');

    constructor() {
        super('authors');
    }
}


export type AuthorsSRow = SelectedRow<AuthorsTable>;
export type AuthorsIRow = EnforceAuthorInsertProps<InsertableRow<AuthorsTable>>;
export type AuthorsURow = EnforceUpdateProps<UpdatableRow<AuthorsTable>>;
export type Authors = SelectedValues<AuthorsTable>;
export type InsertableAuthors = InsertableValues<AuthorsTable>;
export type UpdatableAuthors = UpdatableValues<AuthorsTable>;
