import { Table } from "ts-sql-query/Table";
import { DBConnection } from "../connection-source";

export class AuthorsTable extends Table<DBConnection, 'AuthorsTable'> {
    id = this.primaryKey('id', 'int');
    
    name = this.column('name', 'string');
    createdAt = this.column('created_at', 'localDateTime');
    updatedAt = this.column('updated_at', 'localDateTime');
    
    constructor() {
        super('public.authors')
    }
}
import { Table } from "ts-sql-query/Table";
import { DBConnection } from "../connection-source";

export class BooksTable extends Table<DBConnection, 'BooksTable'> {
    id = this.primaryKey('id', 'uuid');
    
    name = this.column('name', 'string');
    authorId = this.column('author_id', 'int');
    releasedAt = this.column('released_at', 'localDate');
    timeToRead = this.column('time_to_read', 'int');
    
    constructor() {
        super('public.books')
    }
}
import { Table } from "ts-sql-query/Table";
import { DBConnection } from "../connection-source";

export class ChaptersTable extends Table<DBConnection, 'ChaptersTable'> {
    id = this.primaryKey('id', 'int');
    
    name = this.column('name', 'string');
    bookId = this.column('book_id', 'uuid');
    
    constructor() {
        super('public.chapters')
    }
}
